Import path set up correctly
python : Traceback (most recent call last):
In Zeile:1 Zeichen:1
+ python tests/test_passage_retriever.py > test_output.txt 2>&1
+ ~~~~~~~~~~~~~~~~~~~~~~~~~~~~~~~~~~~~~~~~~~~~~~~~~~~~~~~~~~~~~
    + CategoryInfo          : NotSpecified: (Traceback (most recent call last)::String) [], RemoteException
    + FullyQualifiedErrorId : NativeCommandError
 
  File "C:\Users\Manuel\Documents\GitHub\rss-analyzer-local\tests\test_passage_retriever.py", line 5, in <module>
    from retrieval.passage_retriever import PassageRetriever
ModuleNotFoundError: No module named 'retrieval.passage_retriever'
